---
source: tests/tests.rs
expression: vars(&dwarf)

---
[
    "main",
    "result",
    "vtable",
]
